// Vitest Snapshot v1, https://vitest.dev/guide/snapshot.html

exports[`Section Component > renders correctly 1`] = `
"<section id="" class="py-16">
  <div class="container">
    <!--v-if-->
    <div class="test-content">Test Content</div>
  </div>
</section>"
`;
