// Vitest Snapshot v1, https://vitest.dev/guide/snapshot.html

exports[`TagList > renders correctly when tags are provided 1`] = `
"<div class="flex flex-wrap gap-2">
  <div class="inline-flex items-center rounded-full border px-2.5 py-0.5 text-xs font-semibold transition-colors focus:outline-none focus:ring-2 focus:ring-ring focus:ring-offset-2 text-foreground">Vue</div>
  <div class="inline-flex items-center rounded-full border px-2.5 py-0.5 text-xs font-semibold transition-colors focus:outline-none focus:ring-2 focus:ring-ring focus:ring-offset-2 text-foreground">Nuxt</div>
  <div class="inline-flex items-center rounded-full border px-2.5 py-0.5 text-xs font-semibold transition-colors focus:outline-none focus:ring-2 focus:ring-ring focus:ring-offset-2 text-foreground">TypeScript</div>
</div>"
`;
