// Vitest Snapshot v1, https://vitest.dev/guide/snapshot.html

exports[`Typography Component > renders correctly 1`] = `"<p class="leading-6 [&amp;:not(:first-child)]:mt-6">Test Content</p>"`;
